1 - email был зарегестрирован
2- логин был зарегестрирован
3- короткое имя
4-длинное имя
5-неправильное имя

6 - КОРОТкая фамилия
7 - длинная фамилия
8 - некорректная фамилия

9 - КОРОТкий логин
10 - длинный логин
11 - некорректный логин

12 - КОРОТкий email
13 - длинный email
14 - некорректный email

15 - КОРОТкий пароль
16 - длинный пароль

17 - неправлиьый огин или пароль